[INFO]: Addition test passed.
[ERROR]: Addition test failed!
[INFO]: Addition test passed.
[ERROR]: Addition test failed!
[INFO]: Addition test passed.
[ERROR]: Addition test failed!
[INFO]: Addition test passed.
[ERROR]: Addition test failed!
[INFO]: Addition test passed.
[ERROR]: Addition test failed!
[INFO]: Addition test passed.
[ERROR]: Addition test failed!
[INFO]: Addition test passed.
[ERROR]: Addition test failed!
[INFO]: Addition test passed.
[ERROR]: Addition test failed!
[INFO]: Addition test passed.
[ERROR]: Addition test failed!
[INFO]: Addition test passed.
[ERROR]: Addition test failed!
[INFO]: Addition test passed.
[ERROR]: Addition test failed!
[INFO]: Addition test passed.
[ERROR]: Addition test failed!
[INFO]: Addition test passed.
[ERROR]: Addition test failed!
[INFO]: Addition test passed.
[ERROR]: Addition test failed!
[INFO]: Addition test passed.
[ERROR]: Addition test failed!
[INFO]: Addition test passed.
[ERROR]: Addition test failed!
[INFO]: Addition test passed.
[ERROR]: Addition test failed!
[INFO]: Addition test passed.
[ERROR]: Addition test failed!
